09:46:52.799 INFO  NativeLibraryLoader - Loading libgkl_compression.so from jar:file:/gatk/gatk-package-4.5.0.0-local.jar!/com/intel/gkl/native/libgkl_compression.so
[Wed Aug 26 09:46:52 GMT 2026] MarkDuplicates --INPUT NA12878.sorted.bam --OUTPUT NA12878.dedup.bam --METRICS_FILE NA12878.dedup.metrics.txt --MAX_SEQUENCES_FOR_DISK_READ_ENDS_MAP 50000 --MAX_FILE_HANDLES_FOR_READ_ENDS_MAP 8000 --SORTING_COLLECTION_SIZE_RATIO 0.25 --TAG_DUPLICATE_SET_MEMBERS false --REMOVE_SEQUENCING_DUPLICATES false --TAGGING_POLICY DontTag --CLEAR_DT true --DUPLEX_UMI false --FLOW_MODE false --FLOW_QUALITY_SUM_STRATEGY false --USE_END_IN_UNPAIRED_READS false --USE_UNPAIRED_CLIPPED_END false --UNPAIRED_END_UNCERTAINTY 0 --FLOW_SKIP_FIRST_N_FLOWS 0 --FLOW_Q_IS_KNOWN_END false --FLOW_EFFECTIVE_QUALITY_THRESHOLD 15 --ADD_PG_TAG_TO_READS true --REMOVE_DUPLICATES false --ASSUME_SORTED false --DUPLICATE_SCORING_STRATEGY SUM_OF_BASE_QUALITIES --PROGRAM_RECORD_ID MarkDuplicates --PROGRAM_GROUP_NAME MarkDuplicates --READ_NAME_REGEX <optimized capture of last three ':' separated fields as numeric values> --OPTICAL_DUPLICATE_PIXEL_DISTANCE 100 --MAX_OPTICAL_DUPLICATE_SET_SIZE 300000 --VERBOSITY INFO --QUIET false --VALIDATION_STRINGENCY STRICT --COMPRESSION_LEVEL 2 --MAX_RECORDS_IN_RAM 500000 --CREATE_INDEX false --CREATE_MD5_FILE false --help false --version false --showHidden false --USE_JDK_DEFLATER false --USE_JDK_INFLATER false
[Wed Aug 26 09:46:52 GMT 2026] Executing as root@31cafb5fce1f on Linux 6.12.76-linuxkit amd64; OpenJDK 64-Bit Server VM 17.0.9+9-Ubuntu-122.04; Deflater: Intel; Inflater: Intel; Provider GCS is available; Picard version: Version:4.5.0.0
INFO	2026-08-26 09:46:53	MarkDuplicates	Start of doWork freeMemory: 61717432; totalMemory: 90177536; maxMemory: 1027604480
INFO	2026-08-26 09:46:53	MarkDuplicates	Reading input file and constructing read end information.
INFO	2026-08-26 09:46:53	MarkDuplicates	Will retain up to 3723204 data points before spilling to disk.
INFO	2026-08-26 09:46:53	MarkDuplicates	Read 1609 records. 0 pairs never matched.
INFO	2026-08-26 09:46:53	MarkDuplicates	After buildSortedReadEndLists freeMemory: 60064688; totalMemory: 120586240; maxMemory: 1027604480
INFO	2026-08-26 09:46:53	MarkDuplicates	Will retain up to 32112640 duplicate indices before spilling to disk.
INFO	2026-08-26 09:46:53	MarkDuplicates	Traversing read pair information and detecting duplicates.
INFO	2026-08-26 09:46:53	MarkDuplicates	Traversing fragment information and detecting duplicates.
INFO	2026-08-26 09:46:53	MarkDuplicates	Sorting list of duplicate records.
INFO	2026-08-26 09:46:53	MarkDuplicates	After generateDuplicateIndexes freeMemory: 247929352; totalMemory: 534773760; maxMemory: 1027604480
INFO	2026-08-26 09:46:53	MarkDuplicates	Marking 0 records as duplicates.
INFO	2026-08-26 09:46:53	MarkDuplicates	Found 0 optical duplicate clusters.
INFO	2026-08-26 09:46:53	MarkDuplicates	Reads are assumed to be ordered by: coordinate
INFO	2026-08-26 09:46:53	MarkDuplicates	Writing complete. Closing input iterator.
INFO	2026-08-26 09:46:53	MarkDuplicates	Duplicate Index cleanup.
INFO	2026-08-26 09:46:53	MarkDuplicates	Getting Memory Stats.
INFO	2026-08-26 09:46:53	MarkDuplicates	Before output close freeMemory: 91488720; totalMemory: 122683392; maxMemory: 1027604480
INFO	2026-08-26 09:46:53	MarkDuplicates	Closed outputs. Getting more Memory Stats.
INFO	2026-08-26 09:46:53	MarkDuplicates	After output close freeMemory: 82929304; totalMemory: 112197632; maxMemory: 1027604480
[Wed Aug 26 09:46:53 GMT 2026] picard.sam.markduplicates.MarkDuplicates done. Elapsed time: 0.01 minutes.
Runtime.totalMemory()=112197632
Tool returned:
0
Using GATK jar /gatk/gatk-package-4.5.0.0-local.jar
Running:
    java -Dsamjdk.use_async_io_read_samtools=false -Dsamjdk.use_async_io_write_samtools=true -Dsamjdk.use_async_io_write_tribble=false -Dsamjdk.compression_level=2 -jar /gatk/gatk-package-4.5.0.0-local.jar MarkDuplicates -I NA12878.sorted.bam -O NA12878.dedup.bam -M NA12878.dedup.metrics.txt
