09:24:28.663 INFO  NativeLibraryLoader - Loading libgkl_compression.so from jar:file:/gatk/gatk-package-4.5.0.0-local.jar!/com/intel/gkl/native/libgkl_compression.so
09:24:28.842 INFO  FilterMutectCalls - ------------------------------------------------------------
09:24:28.845 INFO  FilterMutectCalls - The Genome Analysis Toolkit (GATK) v4.5.0.0
09:24:28.845 INFO  FilterMutectCalls - For support and documentation go to https://software.broadinstitute.org/gatk/
09:24:28.846 INFO  FilterMutectCalls - Executing as root@1e67c7e9123c on Linux v6.12.76-linuxkit amd64
09:24:28.846 INFO  FilterMutectCalls - Java runtime: OpenJDK 64-Bit Server VM v17.0.9+9-Ubuntu-122.04
09:24:28.846 INFO  FilterMutectCalls - Start Date/Time: August 31, 2026 at 9:24:28 AM GMT
09:24:28.846 INFO  FilterMutectCalls - ------------------------------------------------------------
09:24:28.846 INFO  FilterMutectCalls - ------------------------------------------------------------
09:24:28.849 INFO  FilterMutectCalls - HTSJDK Version: 4.1.0
09:24:28.849 INFO  FilterMutectCalls - Picard Version: 3.1.1
09:24:28.849 INFO  FilterMutectCalls - Built for Spark Version: 3.5.0
09:24:28.850 INFO  FilterMutectCalls - HTSJDK Defaults.COMPRESSION_LEVEL : 2
09:24:28.850 INFO  FilterMutectCalls - HTSJDK Defaults.USE_ASYNC_IO_READ_FOR_SAMTOOLS : false
09:24:28.850 INFO  FilterMutectCalls - HTSJDK Defaults.USE_ASYNC_IO_WRITE_FOR_SAMTOOLS : true
09:24:28.850 INFO  FilterMutectCalls - HTSJDK Defaults.USE_ASYNC_IO_WRITE_FOR_TRIBBLE : false
09:24:28.851 INFO  FilterMutectCalls - Deflater: IntelDeflater
09:24:28.851 INFO  FilterMutectCalls - Inflater: IntelInflater
09:24:28.851 INFO  FilterMutectCalls - GCS max retries/reopens: 20
09:24:28.851 INFO  FilterMutectCalls - Requester pays: disabled
09:24:28.852 INFO  FilterMutectCalls - Initializing engine
09:24:29.041 INFO  FeatureManager - Using codec VCFCodec to read file file:///Users/gizem/Desktop/biyoinformatik_projeler/ngs-variant-calling-pipeline/nextflow_pipeline/work/60/0ebd6054183da96db2cacc384ff0e9/somatic.vcf.gz
09:24:29.077 INFO  FilterMutectCalls - Shutting down engine
[August 31, 2026 at 9:24:29 AM GMT] org.broadinstitute.hellbender.tools.walkers.mutect.filtering.FilterMutectCalls done. Elapsed time: 0.01 minutes.
Runtime.totalMemory()=124780544
***********************************************************************

A USER ERROR has occurred: An index is required but was not found for file drivingVariantFile:/Users/gizem/Desktop/biyoinformatik_projeler/ngs-variant-calling-pipeline/nextflow_pipeline/work/60/0ebd6054183da96db2cacc384ff0e9/somatic.vcf.gz. Support for unindexed block-compressed files has been temporarily disabled. Try running IndexFeatureFile on the input.

***********************************************************************
Set the system property GATK_STACKTRACE_ON_USER_EXCEPTION (--java-options '-DGATK_STACKTRACE_ON_USER_EXCEPTION=true') to print the stack trace.
Using GATK jar /gatk/gatk-package-4.5.0.0-local.jar
Running:
    java -Dsamjdk.use_async_io_read_samtools=false -Dsamjdk.use_async_io_write_samtools=true -Dsamjdk.use_async_io_write_tribble=false -Dsamjdk.compression_level=2 -jar /gatk/gatk-package-4.5.0.0-local.jar FilterMutectCalls -R chr17.fa -V somatic.vcf.gz -O somatic_filtered.vcf.gz
