09:30:44.022 INFO  NativeLibraryLoader - Loading libgkl_compression.so from jar:file:/gatk/gatk-package-4.5.0.0-local.jar!/com/intel/gkl/native/libgkl_compression.so
09:30:44.311 INFO  HaplotypeCaller - ------------------------------------------------------------
09:30:44.314 INFO  HaplotypeCaller - The Genome Analysis Toolkit (GATK) v4.5.0.0
09:30:44.315 INFO  HaplotypeCaller - For support and documentation go to https://software.broadinstitute.org/gatk/
09:30:44.315 INFO  HaplotypeCaller - Executing as root@a216d1b79856 on Linux v6.12.76-linuxkit amd64
09:30:44.315 INFO  HaplotypeCaller - Java runtime: OpenJDK 64-Bit Server VM v17.0.9+9-Ubuntu-122.04
09:30:44.315 INFO  HaplotypeCaller - Start Date/Time: August 26, 2026 at 9:30:43 AM GMT
09:30:44.316 INFO  HaplotypeCaller - ------------------------------------------------------------
09:30:44.316 INFO  HaplotypeCaller - ------------------------------------------------------------
09:30:44.318 INFO  HaplotypeCaller - HTSJDK Version: 4.1.0
09:30:44.319 INFO  HaplotypeCaller - Picard Version: 3.1.1
09:30:44.319 INFO  HaplotypeCaller - Built for Spark Version: 3.5.0
09:30:44.319 INFO  HaplotypeCaller - HTSJDK Defaults.COMPRESSION_LEVEL : 2
09:30:44.320 INFO  HaplotypeCaller - HTSJDK Defaults.USE_ASYNC_IO_READ_FOR_SAMTOOLS : false
09:30:44.320 INFO  HaplotypeCaller - HTSJDK Defaults.USE_ASYNC_IO_WRITE_FOR_SAMTOOLS : true
09:30:44.320 INFO  HaplotypeCaller - HTSJDK Defaults.USE_ASYNC_IO_WRITE_FOR_TRIBBLE : false
09:30:44.320 INFO  HaplotypeCaller - Deflater: IntelDeflater
09:30:44.321 INFO  HaplotypeCaller - Inflater: IntelInflater
09:30:44.322 INFO  HaplotypeCaller - GCS max retries/reopens: 20
09:30:44.322 INFO  HaplotypeCaller - Requester pays: disabled
09:30:44.323 INFO  HaplotypeCaller - Initializing engine
09:30:44.330 INFO  HaplotypeCaller - Shutting down engine
[August 26, 2026 at 9:30:44 AM GMT] org.broadinstitute.hellbender.tools.walkers.haplotypecaller.HaplotypeCaller done. Elapsed time: 0.01 minutes.
Runtime.totalMemory()=91226112
***********************************************************************

A USER ERROR has occurred: Fasta index file file:///Users/gizem/Desktop/biyoinformatik_projeler/ngs-variant-calling-pipeline/nextflow_pipeline/work/58/abbab5d4c9cff61d595b9770e4c735/chr17.fa.fai for reference file:///Users/gizem/Desktop/biyoinformatik_projeler/ngs-variant-calling-pipeline/nextflow_pipeline/work/58/abbab5d4c9cff61d595b9770e4c735/chr17.fa does not exist. Please see https://gatk.broadinstitute.org/hc/articles/360035531652-FASTA-Reference-genome-format for help creating it.

***********************************************************************
Set the system property GATK_STACKTRACE_ON_USER_EXCEPTION (--java-options '-DGATK_STACKTRACE_ON_USER_EXCEPTION=true') to print the stack trace.
Using GATK jar /gatk/gatk-package-4.5.0.0-local.jar
Running:
    java -Dsamjdk.use_async_io_read_samtools=false -Dsamjdk.use_async_io_write_samtools=true -Dsamjdk.use_async_io_write_tribble=false -Dsamjdk.compression_level=2 -jar /gatk/gatk-package-4.5.0.0-local.jar HaplotypeCaller -R chr17.fa -I NA12878.dedup.bam -O NA12878.vcf.gz
