09:41:32.998 INFO  NativeLibraryLoader - Loading libgkl_compression.so from jar:file:/gatk/gatk-package-4.5.0.0-local.jar!/com/intel/gkl/native/libgkl_compression.so
09:41:33.165 INFO  HaplotypeCaller - ------------------------------------------------------------
09:41:33.169 INFO  HaplotypeCaller - The Genome Analysis Toolkit (GATK) v4.5.0.0
09:41:33.169 INFO  HaplotypeCaller - For support and documentation go to https://software.broadinstitute.org/gatk/
09:41:33.169 INFO  HaplotypeCaller - Executing as root@304a3dc50479 on Linux v6.12.76-linuxkit amd64
09:41:33.170 INFO  HaplotypeCaller - Java runtime: OpenJDK 64-Bit Server VM v17.0.9+9-Ubuntu-122.04
09:41:33.170 INFO  HaplotypeCaller - Start Date/Time: August 26, 2026 at 9:41:32 AM GMT
09:41:33.170 INFO  HaplotypeCaller - ------------------------------------------------------------
09:41:33.170 INFO  HaplotypeCaller - ------------------------------------------------------------
09:41:33.172 INFO  HaplotypeCaller - HTSJDK Version: 4.1.0
09:41:33.172 INFO  HaplotypeCaller - Picard Version: 3.1.1
09:41:33.172 INFO  HaplotypeCaller - Built for Spark Version: 3.5.0
09:41:33.173 INFO  HaplotypeCaller - HTSJDK Defaults.COMPRESSION_LEVEL : 2
09:41:33.173 INFO  HaplotypeCaller - HTSJDK Defaults.USE_ASYNC_IO_READ_FOR_SAMTOOLS : false
09:41:33.173 INFO  HaplotypeCaller - HTSJDK Defaults.USE_ASYNC_IO_WRITE_FOR_SAMTOOLS : true
09:41:33.174 INFO  HaplotypeCaller - HTSJDK Defaults.USE_ASYNC_IO_WRITE_FOR_TRIBBLE : false
09:41:33.174 INFO  HaplotypeCaller - Deflater: IntelDeflater
09:41:33.174 INFO  HaplotypeCaller - Inflater: IntelInflater
09:41:33.175 INFO  HaplotypeCaller - GCS max retries/reopens: 20
09:41:33.175 INFO  HaplotypeCaller - Requester pays: disabled
09:41:33.176 INFO  HaplotypeCaller - Initializing engine
09:41:33.315 INFO  HaplotypeCaller - Done initializing engine
09:41:33.328 INFO  NativeLibraryLoader - Loading libgkl_utils.so from jar:file:/gatk/gatk-package-4.5.0.0-local.jar!/com/intel/gkl/native/libgkl_utils.so
09:41:33.334 INFO  NativeLibraryLoader - Loading libgkl_smithwaterman.so from jar:file:/gatk/gatk-package-4.5.0.0-local.jar!/com/intel/gkl/native/libgkl_smithwaterman.so
09:41:33.335 INFO  SmithWatermanAligner - Using AVX accelerated SmithWaterman implementation
09:41:33.339 INFO  HaplotypeCallerEngine - Disabling physical phasing, which is supported only for reference-model confidence output
09:41:33.341 INFO  HaplotypeCaller - Shutting down engine
[August 26, 2026 at 9:41:33 AM GMT] org.broadinstitute.hellbender.tools.walkers.haplotypecaller.HaplotypeCaller done. Elapsed time: 0.01 minutes.
Runtime.totalMemory()=114294784
java.lang.IllegalStateException: the sample list cannot be null or empty
	at org.broadinstitute.hellbender.utils.Utils.validate(Utils.java:814)
	at org.broadinstitute.hellbender.tools.walkers.genotyper.GenotypingEngine.<init>(GenotypingEngine.java:70)
	at org.broadinstitute.hellbender.tools.walkers.genotyper.MinimalGenotypingEngine.<init>(MinimalGenotypingEngine.java:46)
	at org.broadinstitute.hellbender.tools.walkers.genotyper.MinimalGenotypingEngine.<init>(MinimalGenotypingEngine.java:35)
	at org.broadinstitute.hellbender.tools.walkers.haplotypecaller.HaplotypeCallerEngine.initializeActiveRegionEvaluationGenotyperEngine(HaplotypeCallerEngine.java:445)
	at org.broadinstitute.hellbender.tools.walkers.haplotypecaller.HaplotypeCallerEngine.initialize(HaplotypeCallerEngine.java:296)
	at org.broadinstitute.hellbender.tools.walkers.haplotypecaller.HaplotypeCallerEngine.<init>(HaplotypeCallerEngine.java:253)
	at org.broadinstitute.hellbender.tools.walkers.haplotypecaller.HaplotypeCaller.buildHaplotypeCallerEngine(HaplotypeCaller.java:275)
	at org.broadinstitute.hellbender.tools.walkers.haplotypecaller.HaplotypeCaller.onTraversalStart(HaplotypeCaller.java:266)
	at org.broadinstitute.hellbender.engine.GATKTool.doWork(GATKTool.java:1096)
	at org.broadinstitute.hellbender.cmdline.CommandLineProgram.runTool(CommandLineProgram.java:149)
	at org.broadinstitute.hellbender.cmdline.CommandLineProgram.instanceMainPostParseArgs(CommandLineProgram.java:198)
	at org.broadinstitute.hellbender.cmdline.CommandLineProgram.instanceMain(CommandLineProgram.java:217)
	at org.broadinstitute.hellbender.Main.runCommandLineProgram(Main.java:166)
	at org.broadinstitute.hellbender.Main.mainEntry(Main.java:209)
	at org.broadinstitute.hellbender.Main.main(Main.java:306)
Using GATK jar /gatk/gatk-package-4.5.0.0-local.jar
Running:
    java -Dsamjdk.use_async_io_read_samtools=false -Dsamjdk.use_async_io_write_samtools=true -Dsamjdk.use_async_io_write_tribble=false -Dsamjdk.compression_level=2 -jar /gatk/gatk-package-4.5.0.0-local.jar HaplotypeCaller -R chr17.fa -I NA12878.dedup.bam -O NA12878.vcf.gz
