09:20:24.033 INFO  NativeLibraryLoader - Loading libgkl_compression.so from jar:file:/gatk/gatk-package-4.5.0.0-local.jar!/com/intel/gkl/native/libgkl_compression.so
09:20:24.216 INFO  Mutect2 - ------------------------------------------------------------
09:20:24.220 INFO  Mutect2 - The Genome Analysis Toolkit (GATK) v4.5.0.0
09:20:24.220 INFO  Mutect2 - For support and documentation go to https://software.broadinstitute.org/gatk/
09:20:24.220 INFO  Mutect2 - Executing as root@fc32057ad77d on Linux v6.12.76-linuxkit amd64
09:20:24.220 INFO  Mutect2 - Java runtime: OpenJDK 64-Bit Server VM v17.0.9+9-Ubuntu-122.04
09:20:24.220 INFO  Mutect2 - Start Date/Time: August 31, 2026 at 9:20:23 AM GMT
09:20:24.220 INFO  Mutect2 - ------------------------------------------------------------
09:20:24.220 INFO  Mutect2 - ------------------------------------------------------------
09:20:24.223 INFO  Mutect2 - HTSJDK Version: 4.1.0
09:20:24.223 INFO  Mutect2 - Picard Version: 3.1.1
09:20:24.223 INFO  Mutect2 - Built for Spark Version: 3.5.0
09:20:24.224 INFO  Mutect2 - HTSJDK Defaults.COMPRESSION_LEVEL : 2
09:20:24.224 INFO  Mutect2 - HTSJDK Defaults.USE_ASYNC_IO_READ_FOR_SAMTOOLS : false
09:20:24.224 INFO  Mutect2 - HTSJDK Defaults.USE_ASYNC_IO_WRITE_FOR_SAMTOOLS : true
09:20:24.225 INFO  Mutect2 - HTSJDK Defaults.USE_ASYNC_IO_WRITE_FOR_TRIBBLE : false
09:20:24.225 INFO  Mutect2 - Deflater: IntelDeflater
09:20:24.225 INFO  Mutect2 - Inflater: IntelInflater
09:20:24.226 INFO  Mutect2 - GCS max retries/reopens: 20
09:20:24.226 INFO  Mutect2 - Requester pays: disabled
09:20:24.227 INFO  Mutect2 - Initializing engine
09:20:24.381 INFO  Mutect2 - Done initializing engine
09:20:24.393 INFO  NativeLibraryLoader - Loading libgkl_utils.so from jar:file:/gatk/gatk-package-4.5.0.0-local.jar!/com/intel/gkl/native/libgkl_utils.so
09:20:24.398 INFO  NativeLibraryLoader - Loading libgkl_smithwaterman.so from jar:file:/gatk/gatk-package-4.5.0.0-local.jar!/com/intel/gkl/native/libgkl_smithwaterman.so
09:20:24.400 INFO  SmithWatermanAligner - Using AVX accelerated SmithWaterman implementation
09:20:24.421 INFO  NativeLibraryLoader - Loading libgkl_pairhmm_omp.so from jar:file:/gatk/gatk-package-4.5.0.0-local.jar!/com/intel/gkl/native/libgkl_pairhmm_omp.so
09:20:24.443 INFO  IntelPairHmm - Flush-to-zero (FTZ) is enabled when running PairHMM
09:20:24.445 INFO  IntelPairHmm - Available threads: 8
09:20:24.445 INFO  IntelPairHmm - Requested threads: 4
09:20:24.445 INFO  PairHMM - Using the OpenMP multi-threaded AVX-accelerated native PairHMM implementation
09:20:24.499 INFO  ProgressMeter - Starting traversal
09:20:24.504 INFO  ProgressMeter -        Current Locus  Elapsed Minutes     Regions Processed   Regions/Minute
09:20:34.527 INFO  ProgressMeter -        chr17:2296756              0.2                  8180          48996.7
09:20:44.552 INFO  ProgressMeter -        chr17:4676683              0.3                 17190          51451.7
09:20:54.597 INFO  ProgressMeter -        chr17:7075565              0.5                 26300          52437.4
09:21:04.619 INFO  ProgressMeter -        chr17:8238031              0.7                 30800          46067.6
09:21:14.620 INFO  ProgressMeter -       chr17:11417917              0.8                 42600          51001.7
09:21:24.632 INFO  ProgressMeter -       chr17:16429861              1.0                 61020          60890.1
09:21:34.638 INFO  ProgressMeter -       chr17:19334805              1.2                 71620          61272.2
09:21:44.654 INFO  ProgressMeter -       chr17:27657637              1.3                100400          75159.1
09:21:54.670 INFO  ProgressMeter -       chr17:30575938              1.5                110990          73857.9
09:22:04.670 INFO  ProgressMeter -       chr17:35552279              1.7                128790          77146.7
09:22:14.671 INFO  ProgressMeter -       chr17:41518514              1.8                149510          81427.3
09:22:24.676 INFO  ProgressMeter -       chr17:43499058              2.0                156880          78328.4
09:22:34.692 INFO  ProgressMeter -       chr17:47917499              2.2                172580          79537.3
09:22:44.692 INFO  ProgressMeter -       chr17:51313711              2.3                184960          79162.3
09:22:54.693 INFO  ProgressMeter -       chr17:58810508              2.5                211610          84538.0
09:23:04.700 INFO  ProgressMeter -       chr17:63496380              2.7                228370          85534.0
09:23:14.741 INFO  ProgressMeter -       chr17:67723992              2.8                243730          85902.6
09:23:24.745 INFO  ProgressMeter -       chr17:69970696              3.0                252530          84064.6
09:23:34.754 INFO  ProgressMeter -       chr17:74563626              3.2                269890          85116.4
09:23:44.769 INFO  ProgressMeter -       chr17:76008265              3.3                275560          82559.0
09:23:54.834 INFO  ProgressMeter -       chr17:78502467              3.5                285190          81355.0
09:24:04.836 INFO  ProgressMeter -       chr17:80934098              3.7                294710          80254.7
09:24:14.951 INFO  ProgressMeter -       chr17:81824415              3.8                298210          77644.4
09:24:24.948 INFO  Mutect2 - 1190053 read(s) filtered by: MappingQualityReadFilter 
0 read(s) filtered by: MappingQualityAvailableReadFilter 
0 read(s) filtered by: MappingQualityNotZeroReadFilter 
0 read(s) filtered by: MappedReadFilter 
0 read(s) filtered by: NotSecondaryAlignmentReadFilter 
0 read(s) filtered by: NotDuplicateReadFilter 
0 read(s) filtered by: PassesVendorQualityCheckReadFilter 
0 read(s) filtered by: NonChimericOriginalAlignmentReadFilter 
0 read(s) filtered by: NonZeroReferenceLengthAlignmentReadFilter 
0 read(s) filtered by: ReadLengthReadFilter 
0 read(s) filtered by: GoodCigarReadFilter 
0 read(s) filtered by: WellformedReadFilter 
1190053 total reads filtered out of 7834192 reads processed
09:24:24.955 INFO  ProgressMeter -       chr17:83255146              4.0                303637          75768.4
09:24:24.955 INFO  ProgressMeter - Traversal complete. Processed 303637 total regions in 4.0 minutes.
09:24:25.007 INFO  VectorLoglessPairHMM - Time spent in setup for JNI call : 0.154408114
09:24:25.008 INFO  PairHMM - Total compute time in PairHMM computeLogLikelihoods() : 12.636722840000001
09:24:25.008 INFO  SmithWatermanAligner - Total compute time in native Smith-Waterman : 4.88 sec
09:24:25.010 INFO  Mutect2 - Shutting down engine
[August 31, 2026 at 9:24:25 AM GMT] org.broadinstitute.hellbender.tools.walkers.mutect.Mutect2 done. Elapsed time: 4.02 minutes.
Runtime.totalMemory()=389021696
Tool returned:
SUCCESS
Using GATK jar /gatk/gatk-package-4.5.0.0-local.jar
Running:
    java -Dsamjdk.use_async_io_read_samtools=false -Dsamjdk.use_async_io_write_samtools=true -Dsamjdk.use_async_io_write_tribble=false -Dsamjdk.compression_level=2 -jar /gatk/gatk-package-4.5.0.0-local.jar Mutect2 -R chr17.fa -I tumor.bam -I normal.bam -tumor Exome_Tumor -normal Exome_Normal -O somatic.vcf.gz
