12:15:52.381 INFO  NativeLibraryLoader - Loading libgkl_compression.so from jar:file:/gatk/gatk-package-4.5.0.0-local.jar!/com/intel/gkl/native/libgkl_compression.so
12:15:52.621 INFO  FilterMutectCalls - ------------------------------------------------------------
12:15:52.625 INFO  FilterMutectCalls - The Genome Analysis Toolkit (GATK) v4.5.0.0
12:15:52.625 INFO  FilterMutectCalls - For support and documentation go to https://software.broadinstitute.org/gatk/
12:15:52.625 INFO  FilterMutectCalls - Executing as root@949ba9b5c4b6 on Linux v6.12.76-linuxkit amd64
12:15:52.625 INFO  FilterMutectCalls - Java runtime: OpenJDK 64-Bit Server VM v17.0.9+9-Ubuntu-122.04
12:15:52.626 INFO  FilterMutectCalls - Start Date/Time: August 30, 2026 at 12:15:52 PM GMT
12:15:52.626 INFO  FilterMutectCalls - ------------------------------------------------------------
12:15:52.626 INFO  FilterMutectCalls - ------------------------------------------------------------
12:15:52.628 INFO  FilterMutectCalls - HTSJDK Version: 4.1.0
12:15:52.628 INFO  FilterMutectCalls - Picard Version: 3.1.1
12:15:52.628 INFO  FilterMutectCalls - Built for Spark Version: 3.5.0
12:15:52.630 INFO  FilterMutectCalls - HTSJDK Defaults.COMPRESSION_LEVEL : 2
12:15:52.630 INFO  FilterMutectCalls - HTSJDK Defaults.USE_ASYNC_IO_READ_FOR_SAMTOOLS : false
12:15:52.630 INFO  FilterMutectCalls - HTSJDK Defaults.USE_ASYNC_IO_WRITE_FOR_SAMTOOLS : true
12:15:52.630 INFO  FilterMutectCalls - HTSJDK Defaults.USE_ASYNC_IO_WRITE_FOR_TRIBBLE : false
12:15:52.631 INFO  FilterMutectCalls - Deflater: IntelDeflater
12:15:52.631 INFO  FilterMutectCalls - Inflater: IntelInflater
12:15:52.631 INFO  FilterMutectCalls - GCS max retries/reopens: 20
12:15:52.632 INFO  FilterMutectCalls - Requester pays: disabled
12:15:52.633 INFO  FilterMutectCalls - Initializing engine
12:15:52.784 INFO  FeatureManager - Using codec VCFCodec to read file file:///Users/gizem/Desktop/biyoinformatik_projeler/ngs-variant-calling-pipeline/nextflow_pipeline/work/c8/333730af073c247d526732829862e6/somatic.vcf.gz
12:15:52.813 INFO  FilterMutectCalls - Shutting down engine
[August 30, 2026 at 12:15:52 PM GMT] org.broadinstitute.hellbender.tools.walkers.mutect.filtering.FilterMutectCalls done. Elapsed time: 0.01 minutes.
Runtime.totalMemory()=97517568
***********************************************************************

A USER ERROR has occurred: An index is required but was not found for file drivingVariantFile:/Users/gizem/Desktop/biyoinformatik_projeler/ngs-variant-calling-pipeline/nextflow_pipeline/work/c8/333730af073c247d526732829862e6/somatic.vcf.gz. Support for unindexed block-compressed files has been temporarily disabled. Try running IndexFeatureFile on the input.

***********************************************************************
Set the system property GATK_STACKTRACE_ON_USER_EXCEPTION (--java-options '-DGATK_STACKTRACE_ON_USER_EXCEPTION=true') to print the stack trace.
Using GATK jar /gatk/gatk-package-4.5.0.0-local.jar
Running:
    java -Dsamjdk.use_async_io_read_samtools=false -Dsamjdk.use_async_io_write_samtools=true -Dsamjdk.use_async_io_write_tribble=false -Dsamjdk.compression_level=2 -jar /gatk/gatk-package-4.5.0.0-local.jar FilterMutectCalls -R chr17.fa -V somatic.vcf.gz -O somatic_filtered.vcf.gz
