14:07:32.723 INFO  NativeLibraryLoader - Loading libgkl_compression.so from jar:file:/gatk/gatk-package-4.5.0.0-local.jar!/com/intel/gkl/native/libgkl_compression.so
14:07:32.967 INFO  Mutect2 - ------------------------------------------------------------
14:07:32.985 INFO  Mutect2 - The Genome Analysis Toolkit (GATK) v4.5.0.0
14:07:32.985 INFO  Mutect2 - For support and documentation go to https://software.broadinstitute.org/gatk/
14:07:32.985 INFO  Mutect2 - Executing as root@5f39380cdd1b on Linux v6.12.76-linuxkit amd64
14:07:32.985 INFO  Mutect2 - Java runtime: OpenJDK 64-Bit Server VM v17.0.9+9-Ubuntu-122.04
14:07:32.986 INFO  Mutect2 - Start Date/Time: September 1, 2026 at 2:07:32 PM GMT
14:07:32.986 INFO  Mutect2 - ------------------------------------------------------------
14:07:32.986 INFO  Mutect2 - ------------------------------------------------------------
14:07:32.989 INFO  Mutect2 - HTSJDK Version: 4.1.0
14:07:32.989 INFO  Mutect2 - Picard Version: 3.1.1
14:07:32.989 INFO  Mutect2 - Built for Spark Version: 3.5.0
14:07:32.990 INFO  Mutect2 - HTSJDK Defaults.COMPRESSION_LEVEL : 2
14:07:32.990 INFO  Mutect2 - HTSJDK Defaults.USE_ASYNC_IO_READ_FOR_SAMTOOLS : false
14:07:32.990 INFO  Mutect2 - HTSJDK Defaults.USE_ASYNC_IO_WRITE_FOR_SAMTOOLS : true
14:07:32.991 INFO  Mutect2 - HTSJDK Defaults.USE_ASYNC_IO_WRITE_FOR_TRIBBLE : false
14:07:32.991 INFO  Mutect2 - Deflater: IntelDeflater
14:07:32.991 INFO  Mutect2 - Inflater: IntelInflater
14:07:32.992 INFO  Mutect2 - GCS max retries/reopens: 20
14:07:32.992 INFO  Mutect2 - Requester pays: disabled
14:07:32.994 INFO  Mutect2 - Initializing engine
14:07:33.156 INFO  Mutect2 - Done initializing engine
14:07:33.169 INFO  NativeLibraryLoader - Loading libgkl_utils.so from jar:file:/gatk/gatk-package-4.5.0.0-local.jar!/com/intel/gkl/native/libgkl_utils.so
14:07:33.175 INFO  NativeLibraryLoader - Loading libgkl_smithwaterman.so from jar:file:/gatk/gatk-package-4.5.0.0-local.jar!/com/intel/gkl/native/libgkl_smithwaterman.so
14:07:33.177 INFO  SmithWatermanAligner - Using AVX accelerated SmithWaterman implementation
14:07:33.201 INFO  NativeLibraryLoader - Loading libgkl_pairhmm_omp.so from jar:file:/gatk/gatk-package-4.5.0.0-local.jar!/com/intel/gkl/native/libgkl_pairhmm_omp.so
14:07:33.225 INFO  IntelPairHmm - Flush-to-zero (FTZ) is enabled when running PairHMM
14:07:33.227 INFO  IntelPairHmm - Available threads: 8
14:07:33.227 INFO  IntelPairHmm - Requested threads: 4
14:07:33.227 INFO  PairHMM - Using the OpenMP multi-threaded AVX-accelerated native PairHMM implementation
14:07:33.288 INFO  ProgressMeter - Starting traversal
14:07:33.292 INFO  ProgressMeter -        Current Locus  Elapsed Minutes     Regions Processed   Regions/Minute
14:07:43.400 INFO  ProgressMeter -        chr17:1936297              0.2                  6830          40590.3
14:07:53.394 INFO  ProgressMeter -        chr17:4024600              0.3                 14690          43850.7
14:08:03.396 INFO  ProgressMeter -        chr17:5884855              0.5                 21820          43493.6
14:08:13.482 INFO  ProgressMeter -        chr17:7823723              0.7                 29220          43622.8
14:08:23.497 INFO  ProgressMeter -       chr17:10407248              0.8                 38880          46465.5
14:08:33.501 INFO  ProgressMeter -       chr17:15402614              1.0                 57240          57041.3
14:08:43.504 INFO  ProgressMeter -       chr17:18287858              1.2                 67880          58008.0
14:08:53.639 INFO  ProgressMeter -       chr17:21706274              1.3                 80160          59860.4
14:09:03.674 INFO  ProgressMeter -       chr17:29098361              1.5                105650          70136.4
14:09:13.678 INFO  ProgressMeter -       chr17:32324373              1.7                117250          70080.2
14:09:23.688 INFO  ProgressMeter -       chr17:39660683              1.8                142840          77633.2
14:09:33.727 INFO  ProgressMeter -       chr17:42202171              2.0                152040          75745.4
14:09:43.738 INFO  ProgressMeter -       chr17:44208044              2.2                159490          73359.7
14:09:53.808 INFO  ProgressMeter -       chr17:48061142              2.3                173110          73918.1
14:10:03.814 INFO  ProgressMeter -       chr17:50837724              2.5                183250          73046.3
14:10:13.818 INFO  ProgressMeter -       chr17:57204193              2.7                205820          76931.5
14:10:23.831 INFO  ProgressMeter -       chr17:61413367              2.8                220930          77728.8
14:10:33.834 INFO  ProgressMeter -       chr17:65500426              3.0                235590          78294.7
14:10:43.874 INFO  ProgressMeter -       chr17:68542616              3.2                247000          77762.2
14:10:53.881 INFO  ProgressMeter -       chr17:72789756              3.3                263090          78695.6
14:11:04.048 INFO  ProgressMeter -       chr17:75319401              3.5                272830          77672.2
14:11:14.072 INFO  ProgressMeter -       chr17:76903876              3.7                279040          75833.3
14:11:24.078 INFO  ProgressMeter -       chr17:79935790              3.8                290720          75582.0
14:11:37.316 INFO  ProgressMeter -       chr17:81417958              4.1                296640          72937.7
14:11:47.321 INFO  ProgressMeter -       chr17:82806606              4.2                302010          71333.4
14:11:48.287 INFO  Mutect2 - 1190053 read(s) filtered by: MappingQualityReadFilter 
0 read(s) filtered by: MappingQualityAvailableReadFilter 
0 read(s) filtered by: MappingQualityNotZeroReadFilter 
0 read(s) filtered by: MappedReadFilter 
0 read(s) filtered by: NotSecondaryAlignmentReadFilter 
0 read(s) filtered by: NotDuplicateReadFilter 
0 read(s) filtered by: PassesVendorQualityCheckReadFilter 
0 read(s) filtered by: NonChimericOriginalAlignmentReadFilter 
0 read(s) filtered by: NonZeroReferenceLengthAlignmentReadFilter 
0 read(s) filtered by: ReadLengthReadFilter 
0 read(s) filtered by: GoodCigarReadFilter 
0 read(s) filtered by: WellformedReadFilter 
1190053 total reads filtered out of 7834192 reads processed
14:11:48.293 INFO  ProgressMeter -       chr17:83255146              4.2                303637          71444.8
14:11:48.293 INFO  ProgressMeter - Traversal complete. Processed 303637 total regions in 4.2 minutes.
14:11:48.340 INFO  VectorLoglessPairHMM - Time spent in setup for JNI call : 0.17456232100000002
14:11:48.341 INFO  PairHMM - Total compute time in PairHMM computeLogLikelihoods() : 13.829357118
14:11:48.342 INFO  SmithWatermanAligner - Total compute time in native Smith-Waterman : 5.23 sec
14:11:48.344 INFO  Mutect2 - Shutting down engine
[September 1, 2026 at 2:11:48 PM GMT] org.broadinstitute.hellbender.tools.walkers.mutect.Mutect2 done. Elapsed time: 4.26 minutes.
Runtime.totalMemory()=167772160
Using GATK jar /gatk/gatk-package-4.5.0.0-local.jar
Running:
    java -Dsamjdk.use_async_io_read_samtools=false -Dsamjdk.use_async_io_write_samtools=true -Dsamjdk.use_async_io_write_tribble=false -Dsamjdk.compression_level=2 -jar /gatk/gatk-package-4.5.0.0-local.jar Mutect2 -R chr17.fa -I tumor.bam -I normal.bam -tumor Exome_Tumor -normal Exome_Normal -O somatic.vcf.gz
14:11:51.141 INFO  NativeLibraryLoader - Loading libgkl_compression.so from jar:file:/gatk/gatk-package-4.5.0.0-local.jar!/com/intel/gkl/native/libgkl_compression.so
14:11:51.334 INFO  IndexFeatureFile - ------------------------------------------------------------
14:11:51.337 INFO  IndexFeatureFile - The Genome Analysis Toolkit (GATK) v4.5.0.0
14:11:51.337 INFO  IndexFeatureFile - For support and documentation go to https://software.broadinstitute.org/gatk/
14:11:51.337 INFO  IndexFeatureFile - Executing as root@5f39380cdd1b on Linux v6.12.76-linuxkit amd64
14:11:51.338 INFO  IndexFeatureFile - Java runtime: OpenJDK 64-Bit Server VM v17.0.9+9-Ubuntu-122.04
14:11:51.338 INFO  IndexFeatureFile - Start Date/Time: September 1, 2026 at 2:11:51 PM GMT
14:11:51.338 INFO  IndexFeatureFile - ------------------------------------------------------------
14:11:51.338 INFO  IndexFeatureFile - ------------------------------------------------------------
14:11:51.341 INFO  IndexFeatureFile - HTSJDK Version: 4.1.0
14:11:51.341 INFO  IndexFeatureFile - Picard Version: 3.1.1
14:11:51.341 INFO  IndexFeatureFile - Built for Spark Version: 3.5.0
14:11:51.342 INFO  IndexFeatureFile - HTSJDK Defaults.COMPRESSION_LEVEL : 2
14:11:51.342 INFO  IndexFeatureFile - HTSJDK Defaults.USE_ASYNC_IO_READ_FOR_SAMTOOLS : false
14:11:51.343 INFO  IndexFeatureFile - HTSJDK Defaults.USE_ASYNC_IO_WRITE_FOR_SAMTOOLS : true
14:11:51.343 INFO  IndexFeatureFile - HTSJDK Defaults.USE_ASYNC_IO_WRITE_FOR_TRIBBLE : false
14:11:51.344 INFO  IndexFeatureFile - Deflater: IntelDeflater
14:11:51.344 INFO  IndexFeatureFile - Inflater: IntelInflater
14:11:51.344 INFO  IndexFeatureFile - GCS max retries/reopens: 20
14:11:51.344 INFO  IndexFeatureFile - Requester pays: disabled
14:11:51.347 INFO  IndexFeatureFile - Initializing engine
14:11:51.347 INFO  IndexFeatureFile - Done initializing engine
14:11:51.457 INFO  FeatureManager - Using codec VCFCodec to read file file:///Users/gizem/Desktop/biyoinformatik_projeler/ngs-variant-calling-pipeline/nextflow_pipeline/work/2d/e39acf94080a9059787e487d22d8c6/somatic.vcf.gz
14:11:51.486 INFO  ProgressMeter - Starting traversal
14:11:51.487 INFO  ProgressMeter -        Current Locus  Elapsed Minutes     Records Processed   Records/Minute
14:11:51.626 INFO  ProgressMeter -             unmapped              0.0                   880         385401.5
14:11:51.627 INFO  ProgressMeter - Traversal complete. Processed 880 total records in 0.0 minutes.
14:11:51.644 INFO  IndexFeatureFile - Successfully wrote index to /Users/gizem/Desktop/biyoinformatik_projeler/ngs-variant-calling-pipeline/nextflow_pipeline/work/2d/e39acf94080a9059787e487d22d8c6/somatic.vcf.gz.tbi
14:11:51.644 INFO  IndexFeatureFile - Shutting down engine
[September 1, 2026 at 2:11:51 PM GMT] org.broadinstitute.hellbender.tools.IndexFeatureFile done. Elapsed time: 0.01 minutes.
Runtime.totalMemory()=92274688
Using GATK jar /gatk/gatk-package-4.5.0.0-local.jar
Running:
    java -Dsamjdk.use_async_io_read_samtools=false -Dsamjdk.use_async_io_write_samtools=true -Dsamjdk.use_async_io_write_tribble=false -Dsamjdk.compression_level=2 -jar /gatk/gatk-package-4.5.0.0-local.jar IndexFeatureFile -I somatic.vcf.gz
