Eyl-01 17:07:20.329 [main] DEBUG nextflow.cli.Launcher - $> nextflow run somatic.nf
Eyl-01 17:07:20.391 [main] DEBUG nextflow.cli.CmdRun - N E X T F L O W  ~  version 26.04.4
Eyl-01 17:07:20.408 [main] DEBUG nextflow.plugin.PluginsFacade - Setting up plugin manager > mode=prod; embedded=false; plugins-dir=/Users/gizem/.nextflow/plugins; core-plugins: nf-amazon@3.9.2,nf-azure@1.22.6,nf-cloudcache@0.6.0,nf-codecommit@0.5.3,nf-console@1.3.0,nf-google@1.27.3,nf-k8s@1.5.4,nf-seqera@0.21.0,nf-tower@1.28.1,nf-wave@1.21.0
Eyl-01 17:07:20.432 [main] INFO  o.pf4j.DefaultPluginStatusProvider - Enabled plugins: []
Eyl-01 17:07:20.433 [main] INFO  o.pf4j.DefaultPluginStatusProvider - Disabled plugins: []
Eyl-01 17:07:20.434 [main] INFO  org.pf4j.DefaultPluginManager - PF4J version 3.14.1 in 'deployment' mode
Eyl-01 17:07:20.447 [main] DEBUG nextflow.util.RetryConfig - Missing nextflow session - using default retry config
Eyl-01 17:07:20.559 [main] DEBUG nextflow.plugin.PluginUpdater - Using plugin repository: HttpPluginRepository [registry]; url=https://registry.nextflow.io/api
Eyl-01 17:07:20.561 [main] INFO  org.pf4j.AbstractPluginManager - No plugins
Eyl-01 17:07:20.578 [main] DEBUG nextflow.config.ConfigBuilder - Found config local: /Users/gizem/Desktop/biyoinformatik_projeler/ngs-variant-calling-pipeline/nextflow_pipeline/nextflow.config
Eyl-01 17:07:20.580 [main] DEBUG nextflow.config.ConfigBuilder - Parsing config file: /Users/gizem/Desktop/biyoinformatik_projeler/ngs-variant-calling-pipeline/nextflow_pipeline/nextflow.config
Eyl-01 17:07:20.582 [main] DEBUG nextflow.config.ConfigParserFactory - Using config parser v2
Eyl-01 17:07:20.591 [main] DEBUG nextflow.config.ConfigBuilder - Applying config profile: `standard`
Eyl-01 17:07:20.787 [main] DEBUG nextflow.plugin.PluginsFacade - Plugins default=[]
Eyl-01 17:07:20.787 [main] DEBUG nextflow.plugin.PluginsFacade - Plugins resolved requirement=[]
Eyl-01 17:07:20.799 [main] DEBUG n.secret.LocalSecretsProvider - Secrets store: /Users/gizem/.nextflow/secrets/store.json
Eyl-01 17:07:20.801 [main] DEBUG nextflow.secret.SecretsLoader - Discovered secrets providers: [nextflow.secret.LocalSecretsProvider@7601bc96] - activable => nextflow.secret.LocalSecretsProvider@7601bc96
Eyl-01 17:07:20.813 [main] DEBUG nextflow.cli.CmdRun - Launching `somatic.nf` [reverent_laplace] - revision: 650577e4a1
Eyl-01 17:07:20.865 [main] DEBUG nextflow.Session - Session UUID: a004002a-59b9-46b7-8fb4-b2f493d97484
Eyl-01 17:07:20.866 [main] DEBUG nextflow.Session - Run name: reverent_laplace
Eyl-01 17:07:20.866 [main] DEBUG nextflow.Session - Executor pool size: 8
Eyl-01 17:07:20.872 [main] DEBUG nextflow.file.FilePorter - File porter settings maxRetries=3; maxTransfers=50; pollTimeout=null
Eyl-01 17:07:20.876 [main] DEBUG nextflow.util.ThreadPoolBuilder - Creating thread pool 'FileTransfer' minSize=10; maxSize=24; workQueue=LinkedBlockingQueue[-1]; allowCoreThreadTimeout=false
Eyl-01 17:07:20.896 [main] DEBUG nextflow.cli.CmdRun - 
  Version: 26.04.4 build 12445
  Created: 17-06-2026 16:30 UTC (19:30 TRST)
  System: Mac OS X 26.6.2
  Runtime: Groovy 4.0.31 on Java HotSpot(TM) 64-Bit Server VM 21.0.11+9-LTS-211
  Encoding: UTF-8 (UTF-8)
  Process: 18743@192.168.1.37 [192.168.1.37]
  CPUs: 8 - Mem: 8 GB (168.3 MB) - Swap: 7 GB (1.2 GB)
Eyl-01 17:07:20.918 [main] DEBUG nextflow.Session - Work-dir: /Users/gizem/Desktop/biyoinformatik_projeler/ngs-variant-calling-pipeline/nextflow_pipeline/work [Mac OS X]
Eyl-01 17:07:20.919 [main] DEBUG nextflow.Session - Script base path does not exist or is not a directory: /Users/gizem/Desktop/biyoinformatik_projeler/ngs-variant-calling-pipeline/nextflow_pipeline/bin
Eyl-01 17:07:20.925 [main] DEBUG nextflow.executor.ExecutorFactory - Extension executors providers=[]
Eyl-01 17:07:20.930 [main] DEBUG nextflow.Session - Observer factory (v2): LinObserverFactory
Eyl-01 17:07:20.931 [main] DEBUG nextflow.Session - Observer factory (v2): DefaultObserverFactory
Eyl-01 17:07:20.955 [main] DEBUG nextflow.cache.CacheFactory - Using Nextflow cache factory: nextflow.cache.DefaultCacheFactory
Eyl-01 17:07:20.961 [main] DEBUG nextflow.util.CustomThreadPool - Creating default thread pool > poolSize: 9; maxThreads: 1000
Eyl-01 17:07:20.999 [main] DEBUG nextflow.Session - Session start
Eyl-01 17:07:21.002 [main] DEBUG nextflow.script.ScriptLoaderFactory - Using script parser v2
Eyl-01 17:07:21.181 [main] DEBUG nextflow.script.ScriptRunner - > Launching execution
Eyl-01 17:07:21.271 [main] DEBUG nextflow.executor.ExecutorFactory - << taskConfig executor: null
Eyl-01 17:07:21.272 [main] DEBUG nextflow.executor.ExecutorFactory - >> processorType: 'local'
Eyl-01 17:07:21.276 [main] DEBUG nextflow.executor.Executor - [warm up] executor > local
Eyl-01 17:07:21.282 [main] DEBUG n.processor.LocalPollingMonitor - Creating local task monitor for executor 'local' > cpus=8; memory=8 GB; capacity=8; pollInterval=100ms; dumpInterval=5m
Eyl-01 17:07:21.284 [main] DEBUG n.processor.TaskPollingMonitor - >>> barrier register (monitor: local)
Eyl-01 17:07:21.306 [main] DEBUG nextflow.processor.TaskProcessor - Creating process 'PREPARE_REFERENCE': maxForks=0; fair=false; array=0
Eyl-01 17:07:21.333 [main] DEBUG nextflow.executor.ExecutorFactory - << taskConfig executor: null
Eyl-01 17:07:21.333 [main] DEBUG nextflow.executor.ExecutorFactory - >> processorType: 'local'
Eyl-01 17:07:21.334 [main] DEBUG nextflow.processor.TaskProcessor - Creating process 'MUTECT2_CALL': maxForks=0; fair=false; array=0
Eyl-01 17:07:21.337 [main] DEBUG nextflow.executor.ExecutorFactory - << taskConfig executor: null
Eyl-01 17:07:21.337 [main] DEBUG nextflow.executor.ExecutorFactory - >> processorType: 'local'
Eyl-01 17:07:21.338 [main] DEBUG nextflow.processor.TaskProcessor - Creating process 'FILTER_MUTECT_CALLS': maxForks=0; fair=false; array=0
Eyl-01 17:07:21.340 [main] DEBUG nextflow.Session - Process names: FILTER_MUTECT_CALLS, PREPARE_REFERENCE, MUTECT2_CALL
Eyl-01 17:07:21.341 [main] DEBUG nextflow.Session - Igniting dataflow network (6)
Eyl-01 17:07:21.345 [main] DEBUG nextflow.processor.TaskProcessor - Starting process > PREPARE_REFERENCE
Eyl-01 17:07:21.345 [main] DEBUG nextflow.processor.TaskProcessor - Starting process > MUTECT2_CALL
Eyl-01 17:07:21.345 [main] DEBUG nextflow.processor.TaskProcessor - Starting process > FILTER_MUTECT_CALLS
Eyl-01 17:07:21.345 [main] DEBUG nextflow.script.ScriptRunner - Parsed script files:
  Main: /Users/gizem/Desktop/biyoinformatik_projeler/ngs-variant-calling-pipeline/nextflow_pipeline/somatic.nf
Eyl-01 17:07:21.345 [main] DEBUG nextflow.script.ScriptRunner - > Awaiting termination 
Eyl-01 17:07:21.345 [main] DEBUG nextflow.Session - Session await
Eyl-01 17:07:21.465 [Task submitter] DEBUG n.executor.local.LocalTaskHandler - Launch cmd line: /bin/bash -ue .command.run
Eyl-01 17:07:21.467 [Task submitter] INFO  nextflow.Session - [b8/0d7de3] Submitted process > PREPARE_REFERENCE (preparing reference)
Eyl-01 17:07:26.492 [Task monitor] DEBUG n.processor.TaskPollingMonitor - Task completed > TaskHandler[id: 1; name: PREPARE_REFERENCE (preparing reference); status: COMPLETED; exit: 0; error: -; workDir: /Users/gizem/Desktop/biyoinformatik_projeler/ngs-variant-calling-pipeline/nextflow_pipeline/work/b8/0d7de37d3cf3eeb130f5611578242a]
Eyl-01 17:07:26.494 [Task monitor] DEBUG nextflow.util.ThreadPoolBuilder - Creating thread pool 'TaskFinalizer' minSize=10; maxSize=24; workQueue=LinkedBlockingQueue[-1]; allowCoreThreadTimeout=false
Eyl-01 17:07:26.550 [Task submitter] DEBUG n.executor.local.LocalTaskHandler - Launch cmd line: /bin/bash -ue .command.run
Eyl-01 17:07:26.552 [Task submitter] INFO  nextflow.Session - [2d/e39acf] Submitted process > MUTECT2_CALL (somatic calling)
Eyl-01 17:11:51.916 [Task monitor] DEBUG n.processor.TaskPollingMonitor - Task completed > TaskHandler[id: 2; name: MUTECT2_CALL (somatic calling); status: COMPLETED; exit: 0; error: -; workDir: /Users/gizem/Desktop/biyoinformatik_projeler/ngs-variant-calling-pipeline/nextflow_pipeline/work/2d/e39acf94080a9059787e487d22d8c6]
Eyl-01 17:11:51.966 [Task submitter] DEBUG n.executor.local.LocalTaskHandler - Launch cmd line: /bin/bash -ue .command.run
Eyl-01 17:11:51.967 [Task submitter] INFO  nextflow.Session - [4b/125112] Submitted process > FILTER_MUTECT_CALLS (filtering somatic calls)
Eyl-01 17:11:51.972 [TaskFinalizer-2] DEBUG nextflow.util.ThreadPoolBuilder - Creating thread pool 'PublishDir' minSize=10; maxSize=24; workQueue=LinkedBlockingQueue[-1]; allowCoreThreadTimeout=false
Eyl-01 17:11:59.100 [Task monitor] DEBUG n.processor.TaskPollingMonitor - Task completed > TaskHandler[id: 3; name: FILTER_MUTECT_CALLS (filtering somatic calls); status: COMPLETED; exit: 0; error: -; workDir: /Users/gizem/Desktop/biyoinformatik_projeler/ngs-variant-calling-pipeline/nextflow_pipeline/work/4b/1251121e55b3d72ca0583f7469e3dc]
Eyl-01 17:11:59.114 [main] DEBUG nextflow.Session - Session await > all processes finished
Eyl-01 17:11:59.204 [Task monitor] DEBUG n.processor.TaskPollingMonitor - <<< barrier arrives (monitor: local) - terminating tasks monitor poll loop
Eyl-01 17:11:59.204 [main] DEBUG nextflow.Session - Session await > all barriers passed
Eyl-01 17:11:59.220 [main] DEBUG nextflow.util.ThreadPoolManager - Thread pool 'TaskFinalizer' shutdown completed (hard=false)
Eyl-01 17:11:59.220 [main] DEBUG nextflow.util.ThreadPoolManager - Thread pool 'PublishDir' shutdown completed (hard=false)
Eyl-01 17:11:59.237 [main] DEBUG n.trace.WorkflowStatsObserver - Workflow completed > WorkflowStats[succeededCount=3; failedCount=0; ignoredCount=0; cachedCount=0; pendingCount=0; submittedCount=0; runningCount=0; retriesCount=0; abortedCount=0; succeedDuration=4m 37s; failedDuration=0ms; cachedDuration=0ms;loadCpus=0; loadMemory=0; peakRunning=1; peakCpus=1; peakMemory=0; ]
Eyl-01 17:11:59.309 [main] DEBUG nextflow.cache.CacheDB - Closing CacheDB done
Eyl-01 17:11:59.344 [main] DEBUG nextflow.util.ThreadPoolManager - Thread pool 'FileTransfer' shutdown completed (hard=false)
Eyl-01 17:11:59.345 [main] DEBUG nextflow.script.ScriptRunner - > Execution complete -- Goodbye
