09:46:56.841 INFO  NativeLibraryLoader - Loading libgkl_compression.so from jar:file:/gatk/gatk-package-4.5.0.0-local.jar!/com/intel/gkl/native/libgkl_compression.so
09:46:57.025 INFO  HaplotypeCaller - ------------------------------------------------------------
09:46:57.028 INFO  HaplotypeCaller - The Genome Analysis Toolkit (GATK) v4.5.0.0
09:46:57.028 INFO  HaplotypeCaller - For support and documentation go to https://software.broadinstitute.org/gatk/
09:46:57.028 INFO  HaplotypeCaller - Executing as root@5b46ef3ba52e on Linux v6.12.76-linuxkit amd64
09:46:57.028 INFO  HaplotypeCaller - Java runtime: OpenJDK 64-Bit Server VM v17.0.9+9-Ubuntu-122.04
09:46:57.028 INFO  HaplotypeCaller - Start Date/Time: August 26, 2026 at 9:46:56 AM GMT
09:46:57.028 INFO  HaplotypeCaller - ------------------------------------------------------------
09:46:57.028 INFO  HaplotypeCaller - ------------------------------------------------------------
09:46:57.031 INFO  HaplotypeCaller - HTSJDK Version: 4.1.0
09:46:57.032 INFO  HaplotypeCaller - Picard Version: 3.1.1
09:46:57.032 INFO  HaplotypeCaller - Built for Spark Version: 3.5.0
09:46:57.032 INFO  HaplotypeCaller - HTSJDK Defaults.COMPRESSION_LEVEL : 2
09:46:57.032 INFO  HaplotypeCaller - HTSJDK Defaults.USE_ASYNC_IO_READ_FOR_SAMTOOLS : false
09:46:57.032 INFO  HaplotypeCaller - HTSJDK Defaults.USE_ASYNC_IO_WRITE_FOR_SAMTOOLS : true
09:46:57.033 INFO  HaplotypeCaller - HTSJDK Defaults.USE_ASYNC_IO_WRITE_FOR_TRIBBLE : false
09:46:57.033 INFO  HaplotypeCaller - Deflater: IntelDeflater
09:46:57.033 INFO  HaplotypeCaller - Inflater: IntelInflater
09:46:57.033 INFO  HaplotypeCaller - GCS max retries/reopens: 20
09:46:57.033 INFO  HaplotypeCaller - Requester pays: disabled
09:46:57.034 INFO  HaplotypeCaller - Initializing engine
09:46:57.184 INFO  HaplotypeCaller - Done initializing engine
09:46:57.203 INFO  NativeLibraryLoader - Loading libgkl_utils.so from jar:file:/gatk/gatk-package-4.5.0.0-local.jar!/com/intel/gkl/native/libgkl_utils.so
09:46:57.208 INFO  NativeLibraryLoader - Loading libgkl_smithwaterman.so from jar:file:/gatk/gatk-package-4.5.0.0-local.jar!/com/intel/gkl/native/libgkl_smithwaterman.so
09:46:57.210 INFO  SmithWatermanAligner - Using AVX accelerated SmithWaterman implementation
09:46:57.215 INFO  HaplotypeCallerEngine - Disabling physical phasing, which is supported only for reference-model confidence output
09:46:57.239 INFO  NativeLibraryLoader - Loading libgkl_pairhmm_omp.so from jar:file:/gatk/gatk-package-4.5.0.0-local.jar!/com/intel/gkl/native/libgkl_pairhmm_omp.so
09:46:57.266 INFO  IntelPairHmm - Flush-to-zero (FTZ) is enabled when running PairHMM
09:46:57.267 INFO  IntelPairHmm - Available threads: 8
09:46:57.268 INFO  IntelPairHmm - Requested threads: 4
09:46:57.268 INFO  PairHMM - Using the OpenMP multi-threaded AVX-accelerated native PairHMM implementation
09:46:57.308 INFO  ProgressMeter - Starting traversal
09:46:57.311 INFO  ProgressMeter -        Current Locus  Elapsed Minutes     Regions Processed   Regions/Minute
09:46:59.509 WARN  InbreedingCoeff - InbreedingCoeff will not be calculated at position chr17:2925405 and possibly subsequent; at least 10 samples must have called genotypes
09:47:07.315 INFO  ProgressMeter -       chr17:39947095              0.2                133390         800340.0
09:47:14.607 INFO  HaplotypeCaller - 74 read(s) filtered by: MappingQualityReadFilter 
0 read(s) filtered by: MappingQualityAvailableReadFilter 
0 read(s) filtered by: MappedReadFilter 
0 read(s) filtered by: NotSecondaryAlignmentReadFilter 
0 read(s) filtered by: NotDuplicateReadFilter 
0 read(s) filtered by: PassesVendorQualityCheckReadFilter 
0 read(s) filtered by: NonZeroReferenceLengthAlignmentReadFilter 
0 read(s) filtered by: GoodCigarReadFilter 
0 read(s) filtered by: WellformedReadFilter 
74 total reads filtered out of 1609 reads processed
09:47:14.608 INFO  ProgressMeter -       chr17:83254771              0.3                278028         964482.0
09:47:14.608 INFO  ProgressMeter - Traversal complete. Processed 278028 total regions in 0.3 minutes.
09:47:14.625 INFO  VectorLoglessPairHMM - Time spent in setup for JNI call : 0.001005501
09:47:14.627 INFO  PairHMM - Total compute time in PairHMM computeLogLikelihoods() : 0.017072585
09:47:14.627 INFO  SmithWatermanAligner - Total compute time in native Smith-Waterman : 0.04 sec
09:47:14.630 INFO  HaplotypeCaller - Shutting down engine
[August 26, 2026 at 9:47:14 AM GMT] org.broadinstitute.hellbender.tools.walkers.haplotypecaller.HaplotypeCaller done. Elapsed time: 0.30 minutes.
Runtime.totalMemory()=275775488
Using GATK jar /gatk/gatk-package-4.5.0.0-local.jar
Running:
    java -Dsamjdk.use_async_io_read_samtools=false -Dsamjdk.use_async_io_write_samtools=true -Dsamjdk.use_async_io_write_tribble=false -Dsamjdk.compression_level=2 -jar /gatk/gatk-package-4.5.0.0-local.jar HaplotypeCaller -R chr17.fa -I NA12878.dedup.bam -O NA12878.vcf.gz
